[
  {
    "map": "montlake (in seattle (us))",
    "scenario": "weekday",
    "finished_trips": 36426,
    "cancelled_trips": 370,
    "total_trip_duration_seconds": 17924015.247299988
  },
  {
    "map": "sao_miguel_paulista (in sao_paulo (br))",
    "scenario": "Full",
    "finished_trips": 121120,
    "cancelled_trips": 224,
    "total_trip_duration_seconds": 84788784.85729995
  }
]