100059 (167) from Lane #31489 to Some(LaneID { road: RoadID(679), offset: 2 })
  Montlake Blvd E & E Shelby St: Position(Lane #27874, 32.1281m) driving, Position(Lane #27875, 32.1282m) sidewalk
100089 (2) from Lane #23682 to Some(LaneID { road: RoadID(661), offset: 1 })
  Madrona Dr & Madrona Pl E: Position(Lane #23618, 39.4686m) driving, Position(Lane #23620, 41.4167m) sidewalk
  E Denny Way & E Florence Ct: Position(Lane #14338, 71.0171m) driving, Position(Lane #14336, 72.3848m) sidewalk
100146 (255) from Lane #31489 to Some(LaneID { road: RoadID(679), offset: 2 })
  Montlake Blvd E & E Shelby St: Position(Lane #27874, 32.1281m) driving, Position(Lane #27875, 32.1282m) sidewalk
100223 (43) from Lane #13282 to Some(LaneID { road: RoadID(679), offset: 2 })
  23rd Ave E & E John St: Position(Lane #7236, 38.0127m) driving, Position(Lane #7237, 38.0127m) sidewalk
  23rd Ave E & E Republican St: Position(Lane #7204, 17.9298m) driving, Position(Lane #7205, 17.9298m) sidewalk
  23rd Ave E & E Roy St: Position(Lane #7140, 8.8658m) driving, Position(Lane #7141, 8.8659m) sidewalk
  23rd Ave E & E Aloha St: Position(Lane #7332, 16.4011m) driving, Position(Lane #7333, 16.4011m) sidewalk
  24th Ave E & E Galer St: Position(Lane #26049, 29.895m) driving, Position(Lane #26048, 29.895m) sidewalk
  24th Ave E & Boyer Ave E: Position(Lane #26273, 25.8669m) driving, Position(Lane #26272, 25.8669m) sidewalk
  24th Ave E & E Newton St: Position(Lane #26593, 13.4355m) driving, Position(Lane #26592, 13.4355m) sidewalk
  24th Ave E & E Mcgraw St: Position(Lane #32353, 64.1341m) driving, Position(Lane #32352, 63.9271m) sidewalk
  East Montlake Pl E & E Roanoke St: Position(Lane #22977, 0.7979m) driving, Position(Lane #22978, 0.7979m) sidewalk
100228 (48) from Lane #26434 to Some(LaneID { road: RoadID(679), offset: 2 })
  23rd Ave E & E John St: Position(Lane #7236, 38.0127m) driving, Position(Lane #7237, 38.0127m) sidewalk
  23rd Ave E & E Republican St: Position(Lane #7204, 17.9298m) driving, Position(Lane #7205, 17.9298m) sidewalk
  23rd Ave E & E Roy St: Position(Lane #7140, 8.8658m) driving, Position(Lane #7141, 8.8659m) sidewalk
  23rd Ave E & E Aloha St: Position(Lane #7332, 16.4011m) driving, Position(Lane #7333, 16.4011m) sidewalk
  24th Ave E & E Galer St: Position(Lane #26049, 29.895m) driving, Position(Lane #26048, 29.895m) sidewalk
  24th Ave E & Boyer Ave E: Position(Lane #26273, 25.8669m) driving, Position(Lane #26272, 25.8669m) sidewalk
  24th Ave E & E Newton St: Position(Lane #26593, 13.4355m) driving, Position(Lane #26592, 13.4355m) sidewalk
  24th Ave E & E Mcgraw St: Position(Lane #32353, 64.1341m) driving, Position(Lane #32352, 63.9271m) sidewalk
  East Montlake Pl E & E Roanoke St: Position(Lane #22977, 0.7979m) driving, Position(Lane #22978, 0.7979m) sidewalk
100344 (986) from Lane #31489 to Some(LaneID { road: RoadID(679), offset: 2 })
  Montlake Blvd E & E Shelby St: Position(Lane #27874, 32.1281m) driving, Position(Lane #27875, 32.1282m) sidewalk
100346 (988) from Lane #20834 to Some(LaneID { road: RoadID(679), offset: 2 })
  E Madison St & 28th Ave E: Position(Lane #27330, 24.6877m) driving, Position(Lane #27328, 24.6877m) sidewalk
  23rd Ave E & E Republican St: Position(Lane #7204, 17.9298m) driving, Position(Lane #7205, 17.9298m) sidewalk
  23rd Ave E & E Aloha St: Position(Lane #7332, 16.4011m) driving, Position(Lane #7333, 16.4011m) sidewalk
  24th Ave E & E Galer St: Position(Lane #26049, 29.895m) driving, Position(Lane #26048, 29.895m) sidewalk
  24th Ave E & E Mcgraw St: Position(Lane #32353, 64.1341m) driving, Position(Lane #32352, 63.9271m) sidewalk
100511 (542) from Lane #31489 to Some(LaneID { road: RoadID(679), offset: 2 })
  Montlake Blvd E & E Shelby St: Position(Lane #27874, 32.1281m) driving, Position(Lane #27875, 32.1282m) sidewalk
